
Copyright (C) 1994-2020 Synopsys, Inc.
This Synopsys software and all associated documentation are proprietary to Synopsys, Inc.
and may only be used pursuant to the terms and conditions of a written license agreement
with Synopsys, Inc. All other use, reproduction, modification, or distribution of the
Synopsys software or the associated documentation is strictly prohibited.
Tool: Synplify Pro (R)
Build: Q-2020.03L-SP1
Install: C:\lscc\diamond\3.12\synpbase
OS: Windows 6.2

Hostname: DESKTOP-060JDBH

Implementation : impl1
Synopsys HDL compiler and linker, Version comp202003synp2, Build 182R, Built Oct 29 2020 10:49:53, @

Modified Files: 1
FID:  path (prevtimestamp, timestamp)
16       C:\Users\hsi74\GitHub\CURRENT_WAV_CTRL_FPGA\db\top\ci_stim_fpga.v (2022-08-17 13:21:03, 2022-08-17 13:23:18)

*******************************************************************
Modules that may have changed as a result of file changes: 1
MID:  lib.cell.view
1        work.ci_stim_fpga_wrapper.verilog may have changed because the following files changed:
                        C:\Users\hsi74\GitHub\CURRENT_WAV_CTRL_FPGA\db\top\ci_stim_fpga.v (2022-08-17 13:21:03, 2022-08-17 13:23:18) <-- (module definition)

*******************************************************************
Unmodified files: 6
FID:  path (timestamp)
5        C:\lscc\diamond\3.12\synpbase\lib\lucent\machxo2.v (2020-10-29 10:20:54)
6        C:\lscc\diamond\3.12\synpbase\lib\lucent\pmi_def.v (2020-10-29 10:20:54)
7        C:\lscc\diamond\3.12\synpbase\lib\vlog\hypermods.v (2020-10-29 10:23:10)
8        C:\lscc\diamond\3.12\synpbase\lib\vlog\scemi_objects.v (2020-10-29 10:23:10)
9        C:\lscc\diamond\3.12\synpbase\lib\vlog\scemi_pipes.svh (2020-10-29 10:23:10)
10       C:\lscc\diamond\3.12\synpbase\lib\vlog\umr_capim.v (2020-10-29 10:23:10)

*******************************************************************
Unchanged modules: 0
MID:  lib.cell.view
